// Jest Snapshot v1, https://goo.gl/fbAQLP

exports[`should renders correctly 1`] = `
<section
  className="cities__map map"
>
  <div
    id="map"
    style={
      Object {
        "height": "100%",
      }
    }
  />
</section>
`;
